C51 COMPILER V9.01   EXAMPLE                                                               05/10/2018 08:12:58 PAGE 1   


C51 COMPILER V9.01, COMPILATION OF MODULE EXAMPLE
OBJECT MODULE PLACED IN Example.OBJ
COMPILER INVOKED BY: D:\Keil_v5\C51\BIN\C51.EXE Example.c BROWSE DEBUG OBJECTEXTEND

line level    source

   1          #include <reg52.h>
   2          typedef unsigned int uint;
   3          typedef unsigned char uchar;
   4          sbit K = P0 ^ 7;        
   5          sbit Sen_Rad = P3 ^ 4;
   6          sbit pwm1 = P0 ^ 5;
   7          sbit pwm2 = P0 ^ 3;
   8          uint pwm_value = 1500; 
   9          uchar flag = 0;        //Flag
  10          
  11          void delay_ms(uint x)
  12          {
  13   1          uint i;
  14   1          while (x--)
  15   1              for (i = 0; i < 125; i++)
  16   1                  ;
  17   1      }
  18          
  19          void InitTimer(void)
  20          {
  21   1          TMOD = 0x11;        
  22   1          TH0 = -20000 / 256; 
  23   1          TL0 = -20000 % 256;
  24   1          TH1 = -1500 / 256; 
  25   1          TL1 = -1500 % 256;
  26   1          EA = 1;  
  27   1          TR0 = 1; 
  28   1          ET0 = 1;
  29   1          TR1 = 1; 
  30   1          ET1 = 1;
  31   1      }
  32          
  33          void timer0(void) interrupt 1
  34          {
  35   1          switch (flag)
  36   1          {
  37   2          case 1:
  38   2              pwm1 = 1;
  39   2              break;
  40   2          case 2:
  41   2              pwm2 = 1;
  42   2              break;
  43   2              case 3:
  44   2                      K = 1;
  45   2                      break;
  46   2          }
  47   1          TH0 = -20000 / 256;
  48   1          TL0 = -20000 % 256;
  49   1          TR1 = 1;
  50   1      }
  51          
  52          void timer1(void) interrupt 3 
  53          {
  54   1          switch (flag)
  55   1          {
C51 COMPILER V9.01   EXAMPLE                                                               05/10/2018 08:12:58 PAGE 2   

  56   2          case 1:
  57   2              pwm1 = 0;
  58   2              break;
  59   2          case 2:
  60   2              pwm2 = 0;
  61   2              break;
  62   2              case 3:
  63   2                      K = 0;
  64   2                      break;
  65   2          }
  66   1          TH1 = -pwm_value / 256;
  67   1          TL1 = -pwm_value % 256;
  68   1          TR1 = 0;
  69   1      }
  70          
  71          void Stop(unsigned char type)
  72          {
  73   1          unsigned char i;
  74   1          for (i = 0; i < 5; i++)
  75   1          {
  76   2                      pwm_value=(uint)(2750-250*type);
  77   2              delay_ms(1000);
  78   2          }
  79   1      }
  80          
  81          void GetBall()
  82          {        
  83   1          flag = 1;
  84   1              P2=~4;
  85   1          Stop(5); //LR-R
  86   1          flag = 2;
  87   1              P2=~8;
  88   1          Stop(4); //UD-D
  89   1          flag = 2;
  90   1              P2=~16;
  91   1          Stop(7); //UD-U
  92   1          flag = 1;
  93   1              P2=~32;
  94   1          Stop(8); //LR-M
  95   1          flag = 2;
  96   1              P2=~64;
  97   1          Stop(5); //UD-D (45)
  98   1          flag = 2;
  99   1              P2=~128;
 100   1          Stop(7); //UD-U
 101   1      }
 102          
 103          
 104          void main(void)
 105          {                               
 106   1              unsigned char i;
 107   1              delay_ms(500);
 108   1          InitTimer();         
 109   1          pwm_value = 1500; 
 110   1              flag=3;
 111   1          while (1)
 112   1          {
 113   2                      Stop(5);
 114   2                      Stop(8);          
 115   2                      delay_ms(1000);
 116   2          }
 117   1      }
C51 COMPILER V9.01   EXAMPLE                                                               05/10/2018 08:12:58 PAGE 3   

*** WARNING C280 IN LINE 106 OF EXAMPLE.C: 'i': unreferenced local variable
 118          


MODULE INFORMATION:   STATIC OVERLAYABLE
   CODE SIZE        =    294    ----
   CONSTANT SIZE    =   ----    ----
   XDATA SIZE       =   ----    ----
   PDATA SIZE       =   ----    ----
   DATA SIZE        =      3       1
   IDATA SIZE       =   ----    ----
   BIT SIZE         =   ----    ----
END OF MODULE INFORMATION.


C51 COMPILATION COMPLETE.  1 WARNING(S),  0 ERROR(S)
