C51 COMPILER V9.01   MAIN                                                                  05/09/2018 22:51:35 PAGE 1   


C51 COMPILER V9.01, COMPILATION OF MODULE MAIN
OBJECT MODULE PLACED IN main.OBJ
COMPILER INVOKED BY: D:\Keil_v5\C51\BIN\C51.EXE main.c BROWSE DEBUG OBJECTEXTEND

line level    source

   1          #include <reg52.h>
   2          typedef unsigned int uint;
   3          typedef unsigned char uchar;
   4          sbit Sen_R = P1^4;
   5          sbit Sen_L = P1^5;
   6          
   7          
   8          void main(void) //Ö÷º¯Êý
   9          {                                        
  10   1              if(Sen_R==0 && Sen_L==0)
  11   1                      P2=~1;
  12   1              else if(Sen_R==0&&Sen_L==1)
  13   1                      P2=~2;
  14   1              else if(Sen_R==1&&Sen_L==0)
  15   1                      P2=~4;
  16   1              else 
  17   1                      P2=~8;
  18   1              
  19   1      }


MODULE INFORMATION:   STATIC OVERLAYABLE
   CODE SIZE        =     34    ----
   CONSTANT SIZE    =   ----    ----
   XDATA SIZE       =   ----    ----
   PDATA SIZE       =   ----    ----
   DATA SIZE        =   ----    ----
   IDATA SIZE       =   ----    ----
   BIT SIZE         =   ----    ----
END OF MODULE INFORMATION.


C51 COMPILATION COMPLETE.  0 WARNING(S),  0 ERROR(S)
